[18:54:46] daeil_r16 · iter 19445 · 로그 3821판 · 상대 20종
상대                                 판수     승률       기준      새비중      배수
frozen_cand_v7_iter4880            60   0.08    0.051    0.147   2.88x
frozen_ext_v7_iter0140             60   0.17    0.043    0.147   3.45x
frozen_recv_0912                   60   0.12    0.043    0.147   3.45x
frozen_ext_v8_iter0080             60   0.25    0.043    0.124   2.91x
frozen_final_v2r7_iter26100        60   0.38    0.051    0.100   1.97x
frozen_final_v2r7_iter25100        60   0.53    0.085    0.096   1.13x
frozen_final_v2r6_iter7200         60   0.57    0.085    0.083   0.97x
frozen_recv_snap9980               60   0.68    0.034    0.018   0.52x
cutoff_bt                          41   0.95    0.068    0.010   0.14x
frozen_cand_c13280_s45             24   0.88    0.043    0.010   0.23x
frozen_cand_s48_snap12241          60   0.92    0.098    0.010   0.10x
frozen_final_v2r6_iter3200         42   0.86    0.034    0.010   0.29x
frozen_recv_aimangle_v4_0824       34   1.00    0.034    0.010   0.29x
frozen_recv_league_v3_gen1_ite     28   1.00    0.025    0.010   0.39x
frozen_recv_league_v4_best60       32   1.00    0.034    0.010   0.29x
frozen_recv_scrim_exp025           38   0.97    0.043    0.010   0.23x
frozen_s52_ladder5220_beaten       36   0.83    0.017    0.010   0.58x
frozen_sub_cand_ladder5220         46   0.98    0.051    0.010   0.19x
frozen_sub_cand_peak3100           42   0.90    0.043    0.010   0.23x
frozen_symmetric_iter1920          38   1.00    0.055    0.010   0.18x
-> pool_weights.json 발행 (iter 19445 · 20종). 사이드카가 다음 스냅샷에 반영한다.
[19:10:46] daeil_r16 · iter 19552 · 로그 9967판 · 상대 20종
상대                                 판수     승률       기준      새비중      배수
frozen_cand_v7_iter4880            60   0.18    0.051    0.147   2.88x
frozen_final_v2r6_iter7200         60   0.42    0.085    0.147   1.72x
frozen_recv_0912                   60   0.13    0.043    0.147   3.45x
frozen_final_v2r7_iter25100        60   0.47    0.085    0.134   1.58x
frozen_final_v2r7_iter26100        60   0.32    0.051    0.132   2.59x
frozen_ext_v8_iter0080             60   0.45    0.043    0.071   1.68x
frozen_ext_v7_iter0140             60   0.48    0.043    0.063   1.48x
frozen_recv_snap9980               60   0.68    0.034    0.019   0.56x
frozen_final_v2r6_iter3200         58   0.76    0.034    0.011   0.32x
cutoff_bt                          60   0.90    0.068    0.010   0.14x
frozen_cand_c13280_s45             56   0.95    0.043    0.010   0.23x
frozen_cand_s48_snap12241          60   0.87    0.098    0.010   0.10x
frozen_recv_aimangle_v4_0824       58   0.97    0.034    0.010   0.29x
frozen_recv_league_v3_gen1_ite     50   0.98    0.025    0.010   0.39x
frozen_recv_league_v4_best60       50   1.00    0.034    0.010   0.29x
frozen_recv_scrim_exp025           54   0.98    0.043    0.010   0.23x
frozen_s52_ladder5220_beaten       60   0.83    0.017    0.010   0.58x
frozen_sub_cand_ladder5220         60   0.90    0.051    0.010   0.19x
frozen_sub_cand_peak3100           60   0.92    0.043    0.010   0.23x
frozen_symmetric_iter1920          59   0.97    0.055    0.010   0.18x
-> pool_weights.json 발행 (iter 19552 · 20종). 사이드카가 다음 스냅샷에 반영한다.
[19:26:47] daeil_r16 · iter 19661 · 로그 16322판 · 상대 20종
상대                                 판수     승률       기준      새비중      배수
frozen_cand_v7_iter4880            60   0.08    0.051    0.147   2.88x
frozen_final_v2r7_iter26100        60   0.27    0.051    0.134   2.63x
frozen_recv_0912                   60   0.20    0.043    0.133   3.13x
frozen_final_v2r6_iter7200         60   0.47    0.085    0.118   1.39x
frozen_final_v2r7_iter25100        60   0.48    0.085    0.111   1.30x
frozen_ext_v8_iter0080             60   0.28    0.043    0.107   2.51x
frozen_ext_v7_iter0140             60   0.45    0.043    0.063   1.48x
frozen_recv_snap9980               60   0.60    0.034    0.027   0.78x
frozen_cand_s48_snap12241          60   0.77    0.098    0.026   0.27x
frozen_final_v2r6_iter3200         60   0.70    0.034    0.015   0.44x
cutoff_bt                          60   0.92    0.068    0.010   0.14x
frozen_cand_c13280_s45             60   0.90    0.043    0.010   0.23x
frozen_recv_aimangle_v4_0824       60   0.95    0.034    0.010   0.29x
frozen_recv_league_v3_gen1_ite     60   0.95    0.025    0.010   0.39x
frozen_recv_league_v4_best60       60   1.00    0.034    0.010   0.29x
frozen_recv_scrim_exp025           60   0.93    0.043    0.010   0.23x
frozen_s52_ladder5220_beaten       60   0.83    0.017    0.010   0.58x
frozen_sub_cand_ladder5220         60   0.93    0.051    0.010   0.19x
frozen_sub_cand_peak3100           60   0.92    0.043    0.010   0.23x
frozen_symmetric_iter1920          60   0.93    0.055    0.010   0.18x
-> pool_weights.json 발행 (iter 19661 · 20종). 사이드카가 다음 스냅샷에 반영한다.
[19:42:47] daeil_r16 · iter 19768 · 로그 22754판 · 상대 20종
상대                                 판수     승률       기준      새비중      배수
frozen_cand_v7_iter4880            60   0.17    0.051    0.147   2.88x
frozen_recv_0912                   60   0.22    0.043    0.147   3.45x
frozen_ext_v8_iter0080             60   0.27    0.043    0.139   3.27x
frozen_final_v2r6_iter7200         60   0.53    0.085    0.113   1.32x
frozen_final_v2r7_iter26100        60   0.43    0.051    0.100   1.95x
frozen_final_v2r7_iter25100        60   0.57    0.085    0.097   1.14x
frozen_ext_v7_iter0140             60   0.42    0.043    0.088   2.07x
frozen_cand_s48_snap12241          60   0.80    0.098    0.024   0.24x
frozen_recv_snap9980               60   0.72    0.034    0.017   0.49x
cutoff_bt                          60   0.87    0.068    0.010   0.14x
frozen_cand_c13280_s45             60   0.87    0.043    0.010   0.23x
frozen_final_v2r6_iter3200         60   0.80    0.034    0.010   0.29x
frozen_recv_aimangle_v4_0824       60   0.93    0.034    0.010   0.29x
frozen_recv_league_v3_gen1_ite     60   0.98    0.025    0.010   0.39x
frozen_recv_league_v4_best60       60   1.00    0.034    0.010   0.29x
frozen_recv_scrim_exp025           60   0.95    0.043    0.010   0.23x
frozen_s52_ladder5220_beaten       60   0.88    0.017    0.010   0.58x
frozen_sub_cand_ladder5220         60   0.88    0.051    0.010   0.19x
frozen_sub_cand_peak3100           60   0.85    0.043    0.010   0.23x
frozen_symmetric_iter1920          60   0.92    0.055    0.010   0.18x
-> pool_weights.json 발행 (iter 19768 · 20종). 사이드카가 다음 스냅샷에 반영한다.
[19:58:47] daeil_r16 · iter 19875 · 로그 29193판 · 상대 20종
상대                                 판수     승률       기준      새비중      배수
frozen_cand_v7_iter4880            60   0.25    0.051    0.147   2.88x
frozen_ext_v7_iter0140             60   0.22    0.043    0.147   3.45x
frozen_ext_v8_iter0080             60   0.20    0.043    0.147   3.45x
frozen_recv_0912                   60   0.28    0.043    0.110   2.58x
frozen_final_v2r7_iter26100        60   0.35    0.051    0.108   2.13x
frozen_final_v2r7_iter25100        60   0.53    0.085    0.093   1.10x
frozen_final_v2r6_iter7200         60   0.58    0.085    0.074   0.87x
frozen_cand_s48_snap12241          60   0.78    0.098    0.023   0.24x
frozen_recv_snap9980               60   0.65    0.034    0.021   0.62x
cutoff_bt                          60   0.88    0.068    0.010   0.14x
frozen_cand_c13280_s45             60   0.90    0.043    0.010   0.23x
frozen_final_v2r6_iter3200         60   0.83    0.034    0.010   0.29x
frozen_recv_aimangle_v4_0824       60   0.92    0.034    0.010   0.29x
frozen_recv_league_v3_gen1_ite     60   0.98    0.025    0.010   0.39x
frozen_recv_league_v4_best60       60   1.00    0.034    0.010   0.29x
frozen_recv_scrim_exp025           60   0.92    0.043    0.010   0.23x
frozen_s52_ladder5220_beaten       60   0.90    0.017    0.010   0.58x
frozen_sub_cand_ladder5220         60   0.90    0.051    0.010   0.19x
frozen_sub_cand_peak3100           60   0.95    0.043    0.010   0.23x
frozen_symmetric_iter1920          60   0.88    0.055    0.010   0.18x
-> pool_weights.json 발행 (iter 19875 · 20종). 사이드카가 다음 스냅샷에 반영한다.
[20:14:47] daeil_r16 · iter 19983 · 로그 35461판 · 상대 20종
상대                                 판수     승률       기준      새비중      배수
frozen_cand_v7_iter4880            60   0.30    0.051    0.147   2.88x
frozen_final_v2r6_iter7200         60   0.35    0.085    0.147   1.72x
frozen_final_v2r7_iter26100        60   0.33    0.051    0.132   2.59x
frozen_recv_0912                   60   0.33    0.043    0.110   2.59x
frozen_final_v2r7_iter25100        60   0.53    0.085    0.108   1.27x
frozen_ext_v7_iter0140             60   0.38    0.043    0.094   2.22x
frozen_ext_v8_iter0080             60   0.42    0.043    0.084   1.98x
frozen_cand_s48_snap12241          60   0.75    0.098    0.036   0.36x
frozen_recv_snap9980               60   0.75    0.034    0.012   0.36x
cutoff_bt                          60   0.92    0.068    0.010   0.14x
frozen_cand_c13280_s45             60   0.90    0.043    0.010   0.23x
frozen_final_v2r6_iter3200         60   0.85    0.034    0.010   0.29x
frozen_recv_aimangle_v4_0824       60   0.88    0.034    0.010   0.29x
frozen_recv_league_v3_gen1_ite     60   0.98    0.025    0.010   0.39x
frozen_recv_league_v4_best60       60   1.00    0.034    0.010   0.29x
frozen_recv_scrim_exp025           60   0.87    0.043    0.010   0.23x
frozen_s52_ladder5220_beaten       60   0.88    0.017    0.010   0.58x
frozen_sub_cand_ladder5220         60   0.97    0.051    0.010   0.19x
frozen_sub_cand_peak3100           60   0.92    0.043    0.010   0.23x
frozen_symmetric_iter1920          60   0.85    0.055    0.010   0.18x
-> pool_weights.json 발행 (iter 19983 · 20종). 사이드카가 다음 스냅샷에 반영한다.
[20:30:47] daeil_r16 · iter 20091 · 로그 41762판 · 상대 20종
상대                                 판수     승률       기준      새비중      배수
frozen_ext_v8_iter0080             60   0.22    0.043    0.147   3.45x
frozen_final_v2r7_iter25100        60   0.47    0.085    0.128   1.50x
frozen_recv_0912                   60   0.25    0.043    0.126   2.97x
frozen_ext_v7_iter0140             60   0.28    0.043    0.115   2.71x
frozen_cand_v7_iter4880            60   0.37    0.051    0.108   2.12x
frozen_final_v2r7_iter26100        60   0.42    0.051    0.092   1.80x
frozen_final_v2r6_iter7200         60   0.57    0.085    0.084   0.99x
frozen_cand_s48_snap12241          60   0.67    0.098    0.057   0.59x
frozen_recv_snap9980               60   0.73    0.034    0.013   0.38x
cutoff_bt                          60   0.92    0.068    0.010   0.14x
frozen_cand_c13280_s45             60   0.92    0.043    0.010   0.23x
frozen_final_v2r6_iter3200         60   0.95    0.034    0.010   0.29x
frozen_recv_aimangle_v4_0824       60   0.85    0.034    0.010   0.29x
frozen_recv_league_v3_gen1_ite     60   0.98    0.025    0.010   0.39x
frozen_recv_league_v4_best60       60   1.00    0.034    0.010   0.29x
frozen_recv_scrim_exp025           60   0.88    0.043    0.010   0.23x
frozen_s52_ladder5220_beaten       60   0.87    0.017    0.010   0.58x
frozen_sub_cand_ladder5220         60   0.93    0.051    0.010   0.19x
frozen_sub_cand_peak3100           60   0.90    0.043    0.010   0.23x
frozen_symmetric_iter1920          60   0.87    0.055    0.010   0.18x
-> pool_weights.json 발행 (iter 20091 · 20종). 사이드카가 다음 스냅샷에 반영한다.
[20:46:48] daeil_r16 · iter 20198 · 로그 48158판 · 상대 20종
상대                                 판수     승률       기준      새비중      배수
frozen_cand_v7_iter4880            60   0.23    0.051    0.147   2.88x
frozen_ext_v8_iter0080             60   0.20    0.043    0.147   3.45x
frozen_recv_0912                   60   0.20    0.043    0.147   3.45x
frozen_final_v2r6_iter7200         60   0.50    0.085    0.120   1.41x
frozen_final_v2r7_iter26100        60   0.38    0.051    0.109   2.14x
frozen_ext_v7_iter0140             60   0.38    0.043    0.091   2.14x
frozen_final_v2r7_iter25100        60   0.62    0.085    0.070   0.83x
frozen_cand_s48_snap12241          60   0.77    0.098    0.030   0.31x
cutoff_bt                          60   0.97    0.068    0.010   0.14x
frozen_cand_c13280_s45             60   0.93    0.043    0.010   0.23x
frozen_final_v2r6_iter3200         60   0.93    0.034    0.010   0.29x
frozen_recv_aimangle_v4_0824       60   0.85    0.034    0.010   0.29x
frozen_recv_league_v3_gen1_ite     60   0.98    0.025    0.010   0.39x
frozen_recv_league_v4_best60       60   1.00    0.034    0.010   0.29x
frozen_recv_scrim_exp025           60   0.90    0.043    0.010   0.23x
frozen_recv_snap9980               60   0.78    0.034    0.010   0.29x
frozen_s52_ladder5220_beaten       60   0.90    0.017    0.010   0.58x
frozen_sub_cand_ladder5220         60   0.93    0.051    0.010   0.19x
frozen_sub_cand_peak3100           60   0.88    0.043    0.010   0.23x
frozen_symmetric_iter1920          60   0.98    0.055    0.010   0.18x
-> pool_weights.json 발행 (iter 20198 · 20종). 사이드카가 다음 스냅샷에 반영한다.
[21:02:48] daeil_r16 · iter 20303 · 로그 54399판 · 상대 20종
상대                                 판수     승률       기준      새비중      배수
frozen_cand_v7_iter4880            60   0.10    0.051    0.147   2.88x
frozen_recv_0912                   60   0.15    0.043    0.147   3.45x
frozen_final_v2r6_iter7200         60   0.48    0.085    0.120   1.41x
frozen_final_v2r7_iter25100        60   0.50    0.085    0.113   1.32x
frozen_final_v2r7_iter26100        60   0.37    0.051    0.108   2.12x
frozen_ext_v7_iter0140             60   0.35    0.043    0.095   2.23x
frozen_ext_v8_iter0080             60   0.35    0.043    0.095   2.23x
frozen_cand_s48_snap12241          60   0.73    0.098    0.037   0.38x
cutoff_bt                          60   0.93    0.068    0.010   0.14x
frozen_cand_c13280_s45             60   0.92    0.043    0.010   0.23x
frozen_final_v2r6_iter3200         60   0.98    0.034    0.010   0.29x
frozen_recv_aimangle_v4_0824       60   0.88    0.034    0.010   0.29x
frozen_recv_league_v3_gen1_ite     60   1.00    0.025    0.010   0.39x
frozen_recv_league_v4_best60       60   1.00    0.034    0.010   0.29x
frozen_recv_scrim_exp025           60   0.95    0.043    0.010   0.23x
frozen_recv_snap9980               60   0.82    0.034    0.010   0.29x
frozen_s52_ladder5220_beaten       60   0.82    0.017    0.010   0.58x
frozen_sub_cand_ladder5220         60   0.93    0.051    0.010   0.19x
frozen_sub_cand_peak3100           60   0.93    0.043    0.010   0.23x
frozen_symmetric_iter1920          60   0.93    0.055    0.010   0.18x
-> pool_weights.json 발행 (iter 20303 · 20종). 사이드카가 다음 스냅샷에 반영한다.
[21:18:48] daeil_r16 · iter 20412 · 로그 60578판 · 상대 20종
상대                                 판수     승률       기준      새비중      배수
frozen_cand_v7_iter4880            60   0.17    0.051    0.147   2.88x
frozen_recv_0912                   60   0.12    0.043    0.147   3.45x
frozen_final_v2r6_iter7200         60   0.43    0.085    0.137   1.61x
frozen_final_v2r7_iter26100        60   0.35    0.051    0.108   2.11x
frozen_ext_v8_iter0080             60   0.32    0.043    0.099   2.33x
frozen_final_v2r7_iter25100        60   0.53    0.085    0.093   1.09x
frozen_ext_v7_iter0140             60   0.40    0.043    0.077   1.80x
frozen_cand_s48_snap12241          60   0.67    0.098    0.054   0.56x
cutoff_bt                          60   0.98    0.068    0.010   0.14x
frozen_cand_c13280_s45             60   0.87    0.043    0.010   0.23x
frozen_final_v2r6_iter3200         60   0.97    0.034    0.010   0.29x
frozen_recv_aimangle_v4_0824       60   0.85    0.034    0.010   0.29x