[LTPATH] 상대 풀을 여기에 쓴다: C:\topgunfinal\Update\강화학습환경\artifacts\curriculum\AeroFlyer\final_v11\live_tune.json
watching C:\topgunfinal\Update\강화학습환경\artifacts\curriculum\AeroFlyer\final_v11\stage_35_selfplay_final\killfloor_probe.json
self entries at pool indices [22, 23, 24, 25, 26, 27]
이력 복원: 1개 (snap_0000 ~ snap_0000)
[00:11:11] snapshot -> snap_0100
[00:11:11] pool_weights 적용 (11종)
[00:11:11] live_tune updated: picks=['snap_0100', 'snap_0000', 'snap_0000'] (lag_steps=[0, 20, 60], history=2)
[00:25:41] snapshot -> snap_0202
[00:25:41] pool_weights 적용 (11종)
[00:25:41] live_tune updated: picks=['snap_0202', 'snap_0000', 'snap_0000'] (lag_steps=[0, 20, 60], history=3)
[00:39:11] snapshot -> snap_0300
[00:39:11] pool_weights 적용 (11종)
[00:39:11] live_tune updated: picks=['snap_0300', 'snap_0000', 'snap_0000'] (lag_steps=[0, 20, 60], history=4)
[00:53:11] snapshot -> snap_0401
[00:53:11] pool_weights 적용 (11종)
[00:53:11] live_tune updated: picks=['snap_0401', 'snap_0000', 'snap_0000'] (lag_steps=[0, 20, 60], history=5)
[01:07:11] snapshot -> snap_0501
[01:07:11] pool_weights 적용 (11종)
[01:07:11] live_tune updated: picks=['snap_0501', 'snap_0000', 'snap_0000'] (lag_steps=[0, 20, 60], history=6)
[01:20:41] snapshot -> snap_0600
[01:20:41] pool_weights 적용 (11종)
[01:20:41] live_tune updated: picks=['snap_0600', 'snap_0000', 'snap_0000'] (lag_steps=[0, 20, 60], history=7)
[01:34:42] snapshot -> snap_0700
[01:34:42] pool_weights 적용 (11종)
[01:34:42] live_tune updated: picks=['snap_0700', 'snap_0000', 'snap_0000'] (lag_steps=[0, 20, 60], history=8)
[01:48:42] snapshot -> snap_0802
[01:48:42] pool_weights 적용 (11종)
[01:48:42] live_tune updated: picks=['snap_0802', 'snap_0000', 'snap_0000'] (lag_steps=[0, 20, 60], history=9)
[02:02:12] snapshot -> snap_0902
[02:02:12] pool_weights 적용 (11종)
[02:02:12] live_tune updated: picks=['snap_0902', 'snap_0000', 'snap_0000'] (lag_steps=[0, 20, 60], history=10)
[02:15:08] snapshot -> snap_1000
[02:15:08] pool_weights 적용 (11종)
[02:15:08] live_tune updated: picks=['snap_1000', 'snap_0000', 'snap_0000'] (lag_steps=[0, 20, 60], history=11)
[02:28:38] snapshot -> snap_1101
[02:28:38] pool_weights 적용 (11종)
[02:28:38] live_tune updated: picks=['snap_1101', 'snap_0000', 'snap_0000'] (lag_steps=[0, 20, 60], history=12)
[02:42:39] snapshot -> snap_1202
[02:42:39] pool_weights 적용 (11종)
[02:42:39] live_tune updated: picks=['snap_1202', 'snap_0000', 'snap_0000'] (lag_steps=[0, 20, 60], history=13)
[02:56:39] snapshot -> snap_1300
[02:56:39] pool_weights 적용 (11종)
[02:56:39] live_tune updated: picks=['snap_1300', 'snap_0000', 'snap_0000'] (lag_steps=[0, 20, 60], history=14)
[03:10:39] snapshot -> snap_1401
[03:10:39] pool_weights 적용 (11종)
[03:10:39] live_tune updated: picks=['snap_1401', 'snap_0000', 'snap_0000'] (lag_steps=[0, 20, 60], history=15)
[03:24:09] snapshot -> snap_1500
[03:24:09] pool_weights 적용 (11종)
[03:24:09] live_tune updated: picks=['snap_1500', 'snap_0000', 'snap_0000'] (lag_steps=[0, 20, 60], history=16)
[03:38:39] snapshot -> snap_1602
[03:38:39] pool_weights 적용 (11종)
[03:38:39] live_tune updated: picks=['snap_1602', 'snap_0000', 'snap_0000'] (lag_steps=[0, 20, 60], history=17)
[03:52:09] snapshot -> snap_1700
[03:52:09] pool_weights 적용 (11종)
[03:52:09] live_tune updated: picks=['snap_1700', 'snap_0000', 'snap_0000'] (lag_steps=[0, 20, 60], history=18)
[04:06:39] snapshot -> snap_1802
[04:06:39] pool_weights 적용 (11종)
[04:06:39] live_tune updated: picks=['snap_1802', 'snap_0000', 'snap_0000'] (lag_steps=[0, 20, 60], history=19)
[04:20:39] snapshot -> snap_1901
[04:20:39] pool_weights 적용 (11종)
[04:20:39] live_tune updated: picks=['snap_1901', 'snap_0000', 'snap_0000'] (lag_steps=[0, 20, 60], history=20)
[04:34:39] snapshot -> snap_2002
[04:34:39] pool_weights 적용 (11종)
[04:34:39] live_tune updated: picks=['snap_2002', 'snap_0000', 'snap_0000'] (lag_steps=[0, 20, 60], history=21)
[04:48:39] snapshot -> snap_2101
[04:48:39] pool_weights 적용 (11종)
[04:48:39] live_tune updated: picks=['snap_2101', 'snap_0100', 'snap_0000'] (lag_steps=[0, 20, 60], history=22)
[05:02:09] snapshot -> snap_2200
[05:02:09] pool_weights 적용 (11종)
[05:02:09] live_tune updated: picks=['snap_2200', 'snap_0202', 'snap_0000'] (lag_steps=[0, 20, 60], history=23)
[05:16:39] snapshot -> snap_2302
[05:16:39] pool_weights 적용 (11종)
[05:16:39] live_tune updated: picks=['snap_2302', 'snap_0300', 'snap_0000'] (lag_steps=[0, 20, 60], history=24)
[05:30:09] snapshot -> snap_2400
[05:30:09] pool_weights 적용 (11종)
[05:30:09] live_tune updated: picks=['snap_2400', 'snap_0401', 'snap_0000'] (lag_steps=[0, 20, 60], history=25)
[05:44:39] snapshot -> snap_2502
[05:44:39] pool_weights 적용 (11종)
[05:44:39] live_tune updated: picks=['snap_2502', 'snap_0501', 'snap_0000'] (lag_steps=[0, 20, 60], history=26)
[05:58:09] snapshot -> snap_2600
[05:58:09] pool_weights 적용 (11종)
[05:58:09] live_tune updated: picks=['snap_2600', 'snap_0600', 'snap_0000'] (lag_steps=[0, 20, 60], history=27)
[06:12:09] snapshot -> snap_2700
[06:12:09] pool_weights 적용 (11종)
[06:12:09] live_tune updated: picks=['snap_2700', 'snap_0700', 'snap_0000'] (lag_steps=[0, 20, 60], history=28)
[06:26:09] snapshot -> snap_2800
[06:26:09] pool_weights 적용 (11종)
[06:26:09] live_tune updated: picks=['snap_2800', 'snap_0802', 'snap_0000'] (lag_steps=[0, 20, 60], history=29)
[06:40:09] snapshot -> snap_2900
[06:40:09] pool_weights 적용 (11종)
[06:40:09] live_tune updated: picks=['snap_2900', 'snap_0902', 'snap_0000'] (lag_steps=[0, 20, 60], history=30)
[06:54:40] snapshot -> snap_3001
[06:54:40] pool_weights 적용 (11종)
[06:54:40] live_tune updated: picks=['snap_3001', 'snap_1000', 'snap_0000'] (lag_steps=[0, 20, 60], history=31)
[07:08:10] snapshot -> snap_3100
[07:08:10] pool_weights 적용 (11종)
[07:08:10] live_tune updated: picks=['snap_3100', 'snap_1101', 'snap_0000'] (lag_steps=[0, 20, 60], history=32)
[07:22:10] snapshot -> snap_3201
[07:22:10] pool_weights 적용 (11종)
[07:22:10] live_tune updated: picks=['snap_3201', 'snap_1202', 'snap_0000'] (lag_steps=[0, 20, 60], history=33)
[07:37:40] snapshot -> snap_3301
[07:37:40] pool_weights 적용 (11종)
[07:37:40] live_tune updated: picks=['snap_3301', 'snap_1300', 'snap_0000'] (lag_steps=[0, 20, 60], history=34)
[07:51:10] snapshot -> snap_3400
[07:51:10] pool_weights 적용 (11종)
[07:51:10] live_tune updated: picks=['snap_3400', 'snap_1401', 'snap_0000'] (lag_steps=[0, 20, 60], history=35)
[08:05:10] snapshot -> snap_3502
[08:05:10] pool_weights 적용 (11종)
[08:05:10] live_tune updated: picks=['snap_3502', 'snap_1500', 'snap_0000'] (lag_steps=[0, 20, 60], history=36)
[08:18:40] snapshot -> snap_3602
[08:18:40] pool_weights 적용 (11종)
[08:18:40] live_tune updated: picks=['snap_3602', 'snap_1602', 'snap_0000'] (lag_steps=[0, 20, 60], history=37)
[08:32:10] snapshot -> snap_3700
[08:32:10] pool_weights 적용 (11종)
[08:32:10] live_tune updated: picks=['snap_3700', 'snap_1700', 'snap_0000'] (lag_steps=[0, 20, 60], history=38)
[08:45:40] snapshot -> snap_3800
[08:45:40] pool_weights 적용 (11종)
[08:45:40] live_tune updated: picks=['snap_3800', 'snap_1802', 'snap_0000'] (lag_steps=[0, 20, 60], history=39)
[08:59:40] snapshot -> snap_3902
[08:59:40] pool_weights 적용 (11종)
[08:59:40] live_tune updated: picks=['snap_3902', 'snap_1901', 'snap_0000'] (lag_steps=[0, 20, 60], history=40)
[09:14:10] snapshot -> snap_4002
[09:14:10] pool_weights 적용 (11종)
[09:14:10] live_tune updated: picks=['snap_4002', 'snap_2002', 'snap_0000'] (lag_steps=[0, 20, 60], history=41)
[09:28:10] snapshot -> snap_4102
[09:28:10] pool_weights 적용 (11종)
[09:28:10] live_tune updated: picks=['snap_4102', 'snap_2101', 'snap_0000'] (lag_steps=[0, 20, 60], history=42)
[09:41:40] snapshot -> snap_4201
[09:41:40] pool_weights 적용 (11종)
[09:41:40] live_tune updated: picks=['snap_4201', 'snap_2200', 'snap_0000'] (lag_steps=[0, 20, 60], history=43)
[09:55:10] snapshot -> snap_4300
[09:55:10] pool_weights 적용 (11종)
[09:55:10] live_tune updated: picks=['snap_4300', 'snap_2302', 'snap_0000'] (lag_steps=[0, 20, 60], history=44)
[10:09:10] snapshot -> snap_4402
[10:09:10] pool_weights 적용 (11종)
[10:09:10] live_tune updated: picks=['snap_4402', 'snap_2400', 'snap_0000'] (lag_steps=[0, 20, 60], history=45)
[10:22:40] snapshot -> snap_4501
[10:22:40] pool_weights 적용 (11종)
[10:22:40] live_tune updated: picks=['snap_4501', 'snap_2502', 'snap_0000'] (lag_steps=[0, 20, 60], history=46)
[10:36:10] snapshot -> snap_4600
[10:36:10] pool_weights 적용 (11종)
[10:36:10] live_tune updated: picks=['snap_4600', 'snap_2600', 'snap_0000'] (lag_steps=[0, 20, 60], history=47)
[10:50:10] snapshot -> snap_4702
[10:50:10] pool_weights 적용 (11종)
[10:50:10] live_tune updated: picks=['snap_4702', 'snap_2700', 'snap_0000'] (lag_steps=[0, 20, 60], history=48)
[11:03:41] snapshot -> snap_4802
[11:03:41] pool_weights 적용 (11종)
[11:03:41] live_tune updated: picks=['snap_4802', 'snap_2800', 'snap_0000'] (lag_steps=[0, 20, 60], history=49)
[11:17:11] snapshot -> snap_4901
[11:17:11] pool_weights 적용 (11종)
[11:17:11] live_tune updated: picks=['snap_4901', 'snap_2900', 'snap_0000'] (lag_steps=[0, 20, 60], history=50)
[11:31:11] snapshot -> snap_5002
[11:31:11] pool_weights 적용 (11종)
[11:31:11] live_tune updated: picks=['snap_5002', 'snap_3001', 'snap_0000'] (lag_steps=[0, 20, 60], history=51)
[11:44:41] snapshot -> snap_5102
[11:44:41] pool_weights 적용 (11종)
[11:44:41] live_tune updated: picks=['snap_5102', 'snap_3100', 'snap_0000'] (lag_steps=[0, 20, 60], history=52)
[11:58:11] snapshot -> snap_5200
[11:58:11] pool_weights 적용 (11종)
[11:58:11] live_tune updated: picks=['snap_5200', 'snap_3201', 'snap_0000'] (lag_steps=[0, 20, 60], history=53)
[12:12:11] snapshot -> snap_5302
[12:12:11] pool_weights 적용 (11종)
[12:12:11] live_tune updated: picks=['snap_5302', 'snap_3301', 'snap_0000'] (lag_steps=[0, 20, 60], history=54)
[12:26:11] snapshot -> snap_5400
[12:26:11] pool_weights 적용 (11종)
[12:26:11] live_tune updated: picks=['snap_5400', 'snap_3400', 'snap_0000'] (lag_steps=[0, 20, 60], history=55)
[12:40:11] snapshot -> snap_5500
[12:40:11] pool_weights 적용 (11종)
[12:40:11] live_tune updated: picks=['snap_5500', 'snap_3502', 'snap_0000'] (lag_steps=[0, 20, 60], history=56)
[12:54:41] snapshot -> snap_5600
[12:54:41] pool_weights 적용 (11종)
[12:54:41] live_tune updated: picks=['snap_5600', 'snap_3602', 'snap_0000'] (lag_steps=[0, 20, 60], history=57)
[13:09:11] snapshot -> snap_5700
[13:09:11] pool_weights 적용 (11종)
[13:09:11] live_tune updated: picks=['snap_5700', 'snap_3700', 'snap_0000'] (lag_steps=[0, 20, 60], history=58)
[13:23:11] snapshot -> snap_5800
[13:23:11] pool_weights 적용 (11종)
[13:23:11] live_tune updated: picks=['snap_5800', 'snap_3800', 'snap_0000'] (lag_steps=[0, 20, 60], history=59)
[13:38:11] snapshot -> snap_5902
[13:38:11] pool_weights 적용 (11종)
[13:38:11] live_tune updated: picks=['snap_5902', 'snap_3902', 'snap_0000'] (lag_steps=[0, 20, 60], history=60)
[13:51:41] snapshot -> snap_6002
[13:51:41] pool_weights 적용 (11종)
[13:51:41] live_tune updated: picks=['snap_6002', 'snap_4002', 'snap_0000'] (lag_steps=[0, 20, 60], history=61)
[14:05:11] snapshot -> snap_6102
[14:05:11] pool_weights 적용 (11종)
[14:05:11] live_tune updated: picks=['snap_6102', 'snap_4102', 'snap_0100'] (lag_steps=[0, 20, 60], history=62)
[14:18:41] snapshot -> snap_6202
[14:18:41] pool_weights 적용 (11종)
[14:18:41] live_tune updated: picks=['snap_6202', 'snap_4201', 'snap_0202'] (lag_steps=[0, 20, 60], history=63)
[14:32:11] snapshot -> snap_6301
[14:32:11] pool_weights 적용 (11종)
[14:32:11] live_tune updated: picks=['snap_6301', 'snap_4300', 'snap_0300'] (lag_steps=[0, 20, 60], history=64)
[14:45:41] snapshot -> snap_6400
[14:45:41] pool_weights 적용 (11종)
[14:45:41] live_tune updated: picks=['snap_6400', 'snap_4402', 'snap_0401'] (lag_steps=[0, 20, 60], history=65)
[14:59:42] snapshot -> snap_6503
[14:59:42] pool_weights 적용 (11종)
[14:59:42] live_tune updated: picks=['snap_6503', 'snap_4501', 'snap_0501'] (lag_steps=[0, 20, 60], history=66)
[15:13:12] snapshot -> snap_6602
[15:13:12] pool_weights 적용 (11종)
[15:13:12] live_tune updated: picks=['snap_6602', 'snap_4600', 'snap_0600'] (lag_steps=[0, 20, 60], history=67)
[15:26:42] snapshot -> snap_6702
[15:26:42] pool_weights 적용 (11종)
[15:26:42] live_tune updated: picks=['snap_6702', 'snap_4702', 'snap_0700'] (lag_steps=[0, 20, 60], history=68)
[15:40:12] snapshot -> snap_6802
[15:40:12] pool_weights 적용 (11종)
[15:40:12] live_tune updated: picks=['snap_6802', 'snap_4802', 'snap_0802'] (lag_steps=[0, 20, 60], history=69)
[15:53:42] snapshot -> snap_6900
[15:53:42] pool_weights 적용 (11종)
[15:53:42] live_tune updated: picks=['snap_6900', 'snap_4901', 'snap_0902'] (lag_steps=[0, 20, 60], history=70)
[16:08:12] snapshot -> snap_7001
[16:08:12] pool_weights 적용 (11종)
[16:08:12] live_tune updated: picks=['snap_7001', 'snap_5002', 'snap_1000'] (lag_steps=[0, 20, 60], history=71)
[16:22:42] snapshot -> snap_7103
[16:22:42] pool_weights 적용 (11종)
[16:22:42] live_tune updated: picks=['snap_7103', 'snap_5102', 'snap_1101'] (lag_steps=[0, 20, 60], history=72)
[16:37:42] snapshot -> snap_7202
[16:37:42] pool_weights 적용 (11종)
[16:37:42] live_tune updated: picks=['snap_7202', 'snap_5200', 'snap_1202'] (lag_steps=[0, 20, 60], history=73)
[16:51:12] snapshot -> snap_7300
[16:51:12] pool_weights 적용 (11종)
[16:51:12] live_tune updated: picks=['snap_7300', 'snap_5302', 'snap_1300'] (lag_steps=[0, 20, 60], history=74)
